// Jest Snapshot v1, https://goo.gl/fbAQLP

exports[`Footer component should render 1`] = `
<footer
  className="footer-0-2-1"
>
  <div
    className="container"
  >
    <div
      className="row"
    >
      <div
        className="footer-container"
      >
        <div>
          <a
            href="/"
            onClick={[Function]}
          >
            <h1
              className="logo-0-2-2"
            >
              netflixroulette
            </h1>
          </a>
        </div>
      </div>
    </div>
  </div>
</footer>
`;
