// Jest Snapshot v1, https://goo.gl/fbAQLP

exports[`Loading component should render 1`] = `
<div
  className="loading-0-2-1"
>
  <img
    alt="Loading..."
    src="Jest mock img"
  />
</div>
`;
