// Jest Snapshot v1, https://goo.gl/fbAQLP

exports[`Search component should render with initial state 1`] = `
Array [
  <div
    className="row"
  >
    <div>
      <a
        href="/"
        onClick={[Function]}
      >
        <h1
          className="logo-0-2-4"
        >
          netflixroulette
        </h1>
      </a>
    </div>
  </div>,
  <div
    className="row"
  >
    <input
      className="searchInput-0-2-5"
      onChange={[Function]}
      placeholder="Enter searching film"
      type="text"
      value=""
    />
  </div>,
  <div
    className="row"
  >
    <div
      className="buttonsContainer-0-2-1"
    >
      <div
        className="searchBy-0-2-2"
      >
        <p
          className="searchBySubtitle-0-2-3"
        >
          Search by
        </p>
        <button
          className="btn-0-2-6 btn-d3-0-2-10 undefined active"
          onClick={[Function]}
        >
           title
        </button>
        <button
          className="btn-0-2-6 btn-d4-0-2-11 undefined "
          onClick={[Function]}
        >
           genre
        </button>
      </div>
      <button
        className="btn-0-2-6 btn-d5-0-2-12 undefined "
        onClick={[MockFunction]}
      >
         search
      </button>
    </div>
  </div>,
]
`;
