// Jest Snapshot v1, https://goo.gl/fbAQLP

exports[`Sort component should render with props 1`] = `
<section
  className="sortSection-0-2-1"
>
  <div
    className="container"
  >
    <div
      className="row"
    >
      <div
        className="sort-0-2-2"
      >
        <div>
          <p>
            meta text
          </p>
        </div>
        <div />
      </div>
    </div>
  </div>
</section>
`;
